../Core/Src/main.c:115:8:forward	16	static
../Core/Src/main.c:86:5:main	24	static
../Core/Src/main.c:123:8:left	16	static
../Core/Src/main.c:131:8:right	16	static
../Core/Src/main.c:139:8:turnAround	24	static
../Core/Src/main.c:145:8:stop	16	static
../Core/Src/main.c:269:6:SystemClock_Config	88	static
../Core/Src/main.c:315:13:MX_TIM1_Init	40	static
../Core/Src/main.c:362:13:MX_USART2_UART_Init	8	static
../Core/Src/main.c:410:13:MX_GPIO_Init	56	static
../Core/Src/main.c:470:6:Error_Handler	8	static,ignoring_inline_asm
