../Core/Src/main.c:87:5:_write	24	static
../Core/Src/main.c:93:6:stop	8	static
../Core/Src/main.c:104:6:forward	8	static
../Core/Src/main.c:118:6:left	8	static
../Core/Src/main.c:132:6:right	8	static
../Core/Src/main.c:145:6:turnAround	8	static
../Core/Src/main.c:157:5:main	16	static
../Core/Src/main.c:331:6:SystemClock_Config	88	static
../Core/Src/main.c:377:13:MX_TIM1_Init	40	static
../Core/Src/main.c:424:13:MX_TIM3_Init	64	static
../Core/Src/main.c:473:13:MX_USART2_UART_Init	8	static
../Core/Src/main.c:521:13:MX_GPIO_Init	56	static
../Core/Src/main.c:585:6:HAL_GPIO_EXTI_Rising_Callback	24	static,ignoring_inline_asm
../Core/Src/main.c:663:6:Error_Handler	8	static,ignoring_inline_asm
